<https://example.com/paash#sh000407> a skos:Concept ;
    skos:inScheme <https://example.com/paash#paash> ;
    skos:note "RT Residential schools NT under Indigenous peoples"@en,
        "RT Residential schools NT under administrating body, e.g. Catholic Church -- Residential schools"@en ;
    skos:prefLabel "Residential schools"@en ;
    skos:related <https://example.com/paash#sh001055>,
        <https://example.com/paash#sh002860> ;
    skos:topConceptOf <https://example.com/paash#paash> .

Altars
	USE [name of religion] -- Buildings -- Altars
  {if forced, results in a "[name of religion]" heading being created}
Baptism
	USE as NT under specific religion {similar meaning, perhaps both should just be expressed as notes}

Canada.  Laws
  USE Canada. [Short title of the Act], e.g., Canada.  Veterans Land Act

Government employees
	USE Civil service
	RT subdivision Government employees under specific subjects, e.g., Collective bargaining -- Government employees

  Disasters
  	RT specific types of disasters, e.g., Floods, Fires {possible to enumerate?}
